Archive member included to satisfy reference by file (symbol)

c:/program files (x86)/atmel/studio/7.0/toolchain/avr8/avr8-gnu-toolchain/bin/../lib/gcc/avr/5.4.0/avrxmega6\libgcc.a(_divmodhi4.o)
                              Src/I2C-01.o (__divmodhi4)
c:/program files (x86)/atmel/studio/7.0/toolchain/avr8/avr8-gnu-toolchain/bin/../lib/gcc/avr/5.4.0/avrxmega6\libgcc.a(_udivmodsi4.o)
                              Src/Peripherals/twi/twi.o (__udivmodsi4)
c:/program files (x86)/atmel/studio/7.0/toolchain/avr8/avr8-gnu-toolchain/bin/../lib/gcc/avr/5.4.0/avrxmega6\libgcc.a(_exit.o)
                              C:/Program Files (x86)/Atmel/Studio/7.0/Packs/atmel/XMEGAA_DFP/1.1.68/gcc/dev/atxmega256a3bu/avrxmega6/crtatxmega256a3bu.o (exit)
c:/program files (x86)/atmel/studio/7.0/toolchain/avr8/avr8-gnu-toolchain/bin/../lib/gcc/avr/5.4.0/avrxmega6\libgcc.a(_copy_data.o)
                              Src/Drv/KAmodCOMBO/KAmodCOMBO.o (__do_copy_data)
c:/program files (x86)/atmel/studio/7.0/toolchain/avr8/avr8-gnu-toolchain/bin/../lib/gcc/avr/5.4.0/avrxmega6\libgcc.a(_clear_bss.o)
                              Src/Drv/LCD_st7565r/lcd_st7565r.o (__do_clear_bss)
c:/program files (x86)/atmel/studio/7.0/toolchain/avr8/avr8-gnu-toolchain/bin/../lib/gcc/avr/5.4.0/avrxmega6\libgcc.a(_udivmodhi4.o)
                              c:/program files (x86)/atmel/studio/7.0/toolchain/avr8/avr8-gnu-toolchain/bin/../lib/gcc/avr/5.4.0/avrxmega6\libgcc.a(_divmodhi4.o) (__udivmodhi4)
c:/program files (x86)/atmel/studio/7.0/toolchain/avr8/avr8-gnu-toolchain/bin/../lib/gcc/avr/5.4.0/../../../../avr/lib/avrxmega6\libc.a(sprintf.o)
                              Src/I2C-01.o (sprintf)
c:/program files (x86)/atmel/studio/7.0/toolchain/avr8/avr8-gnu-toolchain/bin/../lib/gcc/avr/5.4.0/../../../../avr/lib/avrxmega6\libc.a(vfprintf_std.o)
                              c:/program files (x86)/atmel/studio/7.0/toolchain/avr8/avr8-gnu-toolchain/bin/../lib/gcc/avr/5.4.0/../../../../avr/lib/avrxmega6\libc.a(sprintf.o) (vfprintf)
c:/program files (x86)/atmel/studio/7.0/toolchain/avr8/avr8-gnu-toolchain/bin/../lib/gcc/avr/5.4.0/../../../../avr/lib/avrxmega6\libc.a(strnlen_P.o)
                              c:/program files (x86)/atmel/studio/7.0/toolchain/avr8/avr8-gnu-toolchain/bin/../lib/gcc/avr/5.4.0/../../../../avr/lib/avrxmega6\libc.a(vfprintf_std.o) (strnlen_P)
c:/program files (x86)/atmel/studio/7.0/toolchain/avr8/avr8-gnu-toolchain/bin/../lib/gcc/avr/5.4.0/../../../../avr/lib/avrxmega6\libc.a(strnlen.o)
                              c:/program files (x86)/atmel/studio/7.0/toolchain/avr8/avr8-gnu-toolchain/bin/../lib/gcc/avr/5.4.0/../../../../avr/lib/avrxmega6\libc.a(vfprintf_std.o) (strnlen)
c:/program files (x86)/atmel/studio/7.0/toolchain/avr8/avr8-gnu-toolchain/bin/../lib/gcc/avr/5.4.0/../../../../avr/lib/avrxmega6\libc.a(fputc.o)
                              c:/program files (x86)/atmel/studio/7.0/toolchain/avr8/avr8-gnu-toolchain/bin/../lib/gcc/avr/5.4.0/../../../../avr/lib/avrxmega6\libc.a(vfprintf_std.o) (fputc)
c:/program files (x86)/atmel/studio/7.0/toolchain/avr8/avr8-gnu-toolchain/bin/../lib/gcc/avr/5.4.0/../../../../avr/lib/avrxmega6\libc.a(ultoa_invert.o)
                              c:/program files (x86)/atmel/studio/7.0/toolchain/avr8/avr8-gnu-toolchain/bin/../lib/gcc/avr/5.4.0/../../../../avr/lib/avrxmega6\libc.a(vfprintf_std.o) (__ultoa_invert)

Allocating common symbols
Common symbol       size              file

lcd_st7565r_curFont
                    0x2               Src/Drv/LCD_st7565r/lcd_st7565r.o
st7565r_FrameBuffer
                    0x200             Src/Drv/LCD_st7565r/lcd_st7565r_drv.o
pit_Tick            0x1               Src/Peripherals/pit/pit.o
pit_IntCnt          0x1               Src/Peripherals/pit/pit.o
lcd_st7565r_text_y  0x1               Src/Drv/LCD_st7565r/lcd_st7565r.o
pit_IntCntMax       0x1               Src/Peripherals/pit/pit.o
lcd_st7565r_text_x  0x1               Src/Drv/LCD_st7565r/lcd_st7565r.o
pit_ClkSel          0x1               Src/Peripherals/pit/pit.o

Discarded input sections

 .data          0x00000000        0x0 C:/Program Files (x86)/Atmel/Studio/7.0/Packs/atmel/XMEGAA_DFP/1.1.68/gcc/dev/atxmega256a3bu/avrxmega6/crtatxmega256a3bu.o
 .bss           0x00000000        0x0 C:/Program Files (x86)/Atmel/Studio/7.0/Packs/atmel/XMEGAA_DFP/1.1.68/gcc/dev/atxmega256a3bu/avrxmega6/crtatxmega256a3bu.o
 .text          0x00000000        0x0 Src/Board/a3bu_xplained.o
 .data          0x00000000        0x0 Src/Board/a3bu_xplained.o
 .bss           0x00000000        0x0 Src/Board/a3bu_xplained.o
 .text.LCD_Backlight_CfgPWM
                0x00000000       0x24 Src/Board/a3bu_xplained.o
 .text.LCD_Backlight_Intensity
                0x00000000       0x3e Src/Board/a3bu_xplained.o
 .debug_info    0x00000000      0x88b Src/Board/a3bu_xplained.o
 .debug_abbrev  0x00000000      0x167 Src/Board/a3bu_xplained.o
 .debug_loc     0x00000000       0xa7 Src/Board/a3bu_xplained.o
 .debug_aranges
                0x00000000       0x28 Src/Board/a3bu_xplained.o
 .debug_ranges  0x00000000       0x18 Src/Board/a3bu_xplained.o
 .debug_line    0x00000000      0x1b2 Src/Board/a3bu_xplained.o
 .debug_str     0x00000000      0x77c Src/Board/a3bu_xplained.o
 .comment       0x00000000       0x31 Src/Board/a3bu_xplained.o
 .debug_frame   0x00000000       0x34 Src/Board/a3bu_xplained.o
 .text          0x00000000        0x0 Src/Drv/KAmodCOMBO/KAmodCOMBO.o
 .data          0x00000000        0x0 Src/Drv/KAmodCOMBO/KAmodCOMBO.o
 .bss           0x00000000        0x0 Src/Drv/KAmodCOMBO/KAmodCOMBO.o
 .text.STLED316_DisplayOff
                0x00000000       0x20 Src/Drv/KAmodCOMBO/KAmodCOMBO.o
 .text.STLED316_LEDs_Write
                0x00000000       0x26 Src/Drv/KAmodCOMBO/KAmodCOMBO.o
 .text.STLED316_LEDsAndButs_Read
                0x00000000       0x50 Src/Drv/KAmodCOMBO/KAmodCOMBO.o
 .text.STLED316_LEDs_Read
                0x00000000       0x22 Src/Drv/KAmodCOMBO/KAmodCOMBO.o
 .text.STLED316_LEDs_SetBrghtInd
                0x00000000       0x50 Src/Drv/KAmodCOMBO/KAmodCOMBO.o
 .text.STLED316_LEDs_GetBrghtInd
                0x00000000       0x36 Src/Drv/KAmodCOMBO/KAmodCOMBO.o
 .text.STLED316_7Seg_SetBrghtInd
                0x00000000       0x4e Src/Drv/KAmodCOMBO/KAmodCOMBO.o
 .text.STLED316_7Seg_GetBrghtInd
                0x00000000       0x36 Src/Drv/KAmodCOMBO/KAmodCOMBO.o
 .text          0x00000000        0x0 Src/Drv/KAmodCOMBO/KAmodCOMBO_xmega.o
 .data          0x00000000        0x0 Src/Drv/KAmodCOMBO/KAmodCOMBO_xmega.o
 .bss           0x00000000        0x0 Src/Drv/KAmodCOMBO/KAmodCOMBO_xmega.o
 .text.STLED316_InitializeInt
                0x00000000       0x5e Src/Drv/KAmodCOMBO/KAmodCOMBO_xmega.o
 .text          0x00000000        0x0 Src/Drv/LCD_hd44780/lcd_hd44780_xmega.o
 .data          0x00000000        0x0 Src/Drv/LCD_hd44780/lcd_hd44780_xmega.o
 .bss           0x00000000        0x0 Src/Drv/LCD_hd44780/lcd_hd44780_xmega.o
 .text.hd44780_SetData
                0x00000000       0x36 Src/Drv/LCD_hd44780/lcd_hd44780_xmega.o
 .text.hd44780_SendCmd
                0x00000000       0x32 Src/Drv/LCD_hd44780/lcd_hd44780_xmega.o
 .text.lcd_hd44780_PutChar
                0x00000000       0x2e Src/Drv/LCD_hd44780/lcd_hd44780_xmega.o
 .text.lcd_hd44780_Init
                0x00000000       0xf2 Src/Drv/LCD_hd44780/lcd_hd44780_xmega.o
 .text.lcd_hd44780_GotoXY
                0x00000000       0x10 Src/Drv/LCD_hd44780/lcd_hd44780_xmega.o
 .text.lcd_hd44780_PutText
                0x00000000       0x1e Src/Drv/LCD_hd44780/lcd_hd44780_xmega.o
 .debug_info    0x00000000      0xbee Src/Drv/LCD_hd44780/lcd_hd44780_xmega.o
 .debug_abbrev  0x00000000      0x20a Src/Drv/LCD_hd44780/lcd_hd44780_xmega.o
 .debug_loc     0x00000000      0x909 Src/Drv/LCD_hd44780/lcd_hd44780_xmega.o
 .debug_aranges
                0x00000000       0x48 Src/Drv/LCD_hd44780/lcd_hd44780_xmega.o
 .debug_ranges  0x00000000       0x68 Src/Drv/LCD_hd44780/lcd_hd44780_xmega.o
 .debug_line    0x00000000      0x429 Src/Drv/LCD_hd44780/lcd_hd44780_xmega.o
 .debug_str     0x00000000      0x4d7 Src/Drv/LCD_hd44780/lcd_hd44780_xmega.o
 .comment       0x00000000       0x31 Src/Drv/LCD_hd44780/lcd_hd44780_xmega.o
 .debug_frame   0x00000000       0xa8 Src/Drv/LCD_hd44780/lcd_hd44780_xmega.o
 .text          0x00000000        0x0 Src/Drv/LCD_st7565r/lcd_st7565r.o
 .data          0x00000000        0x0 Src/Drv/LCD_st7565r/lcd_st7565r.o
 .bss           0x00000000        0x0 Src/Drv/LCD_st7565r/lcd_st7565r.o
 .text.lcd_st7565r_DrawPixel
                0x00000000      0x122 Src/Drv/LCD_st7565r/lcd_st7565r.o
 .text.lcd_st7565r_DrawHorizLine
                0x00000000      0x18a Src/Drv/LCD_st7565r/lcd_st7565r.o
 .text.lcd_st7565r_DrawVertLine
                0x00000000      0x1a2 Src/Drv/LCD_st7565r/lcd_st7565r.o
 .text.lcd_st7565r_DrawLine
                0x00000000       0xf4 Src/Drv/LCD_st7565r/lcd_st7565r.o
 .text.lcd_st7565r_DrawRectangle
                0x00000000       0x88 Src/Drv/LCD_st7565r/lcd_st7565r.o
 .text.lcd_st7565r_CharHeight
                0x00000000        0xc Src/Drv/LCD_st7565r/lcd_st7565r.o
 .text.lcd_st7565r_CharWidth
                0x00000000        0xc Src/Drv/LCD_st7565r/lcd_st7565r.o
 .text          0x00000000        0x0 Src/Drv/LCD_st7565r/lcd_st7565r_drv.o
 .data          0x00000000        0x0 Src/Drv/LCD_st7565r/lcd_st7565r_drv.o
 .bss           0x00000000        0x0 Src/Drv/LCD_st7565r/lcd_st7565r_drv.o
 .text.st7565r_modify_page
                0x00000000       0x36 Src/Drv/LCD_st7565r/lcd_st7565r_drv.o
 .text          0x00000000        0x0 Src/I2C-01.o
 .data          0x00000000        0x0 Src/I2C-01.o
 .bss           0x00000000        0x0 Src/I2C-01.o
 .text.UInt8_to_Txt
                0x00000000       0x22 Src/I2C-01.o
 .text          0x00000000        0x0 Src/Peripherals/ac/ac.o
 .data          0x00000000        0x0 Src/Peripherals/ac/ac.o
 .bss           0x00000000        0x0 Src/Peripherals/ac/ac.o
 .debug_info    0x00000000       0x5d Src/Peripherals/ac/ac.o
 .debug_abbrev  0x00000000       0x26 Src/Peripherals/ac/ac.o
 .debug_aranges
                0x00000000       0x18 Src/Peripherals/ac/ac.o
 .debug_line    0x00000000       0x1a Src/Peripherals/ac/ac.o
 .debug_str     0x00000000      0x17c Src/Peripherals/ac/ac.o
 .comment       0x00000000       0x31 Src/Peripherals/ac/ac.o
 .text          0x00000000        0x0 Src/Peripherals/adc/adc.o
 .data          0x00000000        0x0 Src/Peripherals/adc/adc.o
 .bss           0x00000000        0x0 Src/Peripherals/adc/adc.o
 .text.ADC_Cfg1
                0x00000000        0xe Src/Peripherals/adc/adc.o
 .text.ADC_Cfg2
                0x00000000        0xe Src/Peripherals/adc/adc.o
 .text.ADC_CH_Cfg
                0x00000000       0x20 Src/Peripherals/adc/adc.o
 .text.ADC_Result
                0x00000000       0x14 Src/Peripherals/adc/adc.o
 .debug_info    0x00000000      0x60a Src/Peripherals/adc/adc.o
 .debug_abbrev  0x00000000      0x189 Src/Peripherals/adc/adc.o
 .debug_loc     0x00000000      0x1eb Src/Peripherals/adc/adc.o
 .debug_aranges
                0x00000000       0x38 Src/Peripherals/adc/adc.o
 .debug_ranges  0x00000000       0x28 Src/Peripherals/adc/adc.o
 .debug_line    0x00000000      0x17a Src/Peripherals/adc/adc.o
 .debug_str     0x00000000      0x3eb Src/Peripherals/adc/adc.o
 .comment       0x00000000       0x31 Src/Peripherals/adc/adc.o
 .debug_frame   0x00000000       0x60 Src/Peripherals/adc/adc.o
 .text          0x00000000        0x0 Src/Peripherals/dac/dac.o
 .data          0x00000000        0x0 Src/Peripherals/dac/dac.o
 .bss           0x00000000        0x0 Src/Peripherals/dac/dac.o
 .text.DAC_Cfg  0x00000000       0x14 Src/Peripherals/dac/dac.o
 .debug_info    0x00000000      0x30e Src/Peripherals/dac/dac.o
 .debug_abbrev  0x00000000       0xe3 Src/Peripherals/dac/dac.o
 .debug_loc     0x00000000       0x48 Src/Peripherals/dac/dac.o
 .debug_aranges
                0x00000000       0x20 Src/Peripherals/dac/dac.o
 .debug_ranges  0x00000000       0x10 Src/Peripherals/dac/dac.o
 .debug_line    0x00000000      0x134 Src/Peripherals/dac/dac.o
 .debug_str     0x00000000      0x336 Src/Peripherals/dac/dac.o
 .comment       0x00000000       0x31 Src/Peripherals/dac/dac.o
 .debug_frame   0x00000000       0x24 Src/Peripherals/dac/dac.o
 .text          0x00000000        0x0 Src/Peripherals/evsys/evsys.o
 .data          0x00000000        0x0 Src/Peripherals/evsys/evsys.o
 .bss           0x00000000        0x0 Src/Peripherals/evsys/evsys.o
 .text.EVSYS_ChDigFilter
                0x00000000       0x12 Src/Peripherals/evsys/evsys.o
 .text.EVSYS_QD_Enable
                0x00000000       0x1a Src/Peripherals/evsys/evsys.o
 .text.EVSYS_QD_Disable
                0x00000000       0x10 Src/Peripherals/evsys/evsys.o
 .debug_info    0x00000000      0x28f Src/Peripherals/evsys/evsys.o
 .debug_abbrev  0x00000000       0xc4 Src/Peripherals/evsys/evsys.o
 .debug_loc     0x00000000       0xc3 Src/Peripherals/evsys/evsys.o
 .debug_aranges
                0x00000000       0x30 Src/Peripherals/evsys/evsys.o
 .debug_ranges  0x00000000       0x20 Src/Peripherals/evsys/evsys.o
 .debug_line    0x00000000      0x162 Src/Peripherals/evsys/evsys.o
 .debug_str     0x00000000      0x28b Src/Peripherals/evsys/evsys.o
 .comment       0x00000000       0x31 Src/Peripherals/evsys/evsys.o
 .debug_frame   0x00000000       0x44 Src/Peripherals/evsys/evsys.o
 .text          0x00000000        0x0 Src/Peripherals/gpio/gpio.o
 .data          0x00000000        0x0 Src/Peripherals/gpio/gpio.o
 .bss           0x00000000        0x0 Src/Peripherals/gpio/gpio.o
 .text          0x00000000        0x0 Src/Peripherals/osc/osc.o
 .data          0x00000000        0x0 Src/Peripherals/osc/osc.o
 .bss           0x00000000        0x0 Src/Peripherals/osc/osc.o
 .text.OSC_PLLCfg
                0x00000000       0x18 Src/Peripherals/osc/osc.o
 .text.DFLL_RC2M_RefClkSel
                0x00000000        0xe Src/Peripherals/osc/osc.o
 .text          0x00000000        0x0 Src/Peripherals/pit/pit.o
 .data          0x00000000        0x0 Src/Peripherals/pit/pit.o
 .bss           0x00000000        0x0 Src/Peripherals/pit/pit.o
 .text.PIT_SetPar
                0x00000000       0x1e Src/Peripherals/pit/pit.o
 .text.PIT_Stop
                0x00000000        0xa Src/Peripherals/pit/pit.o
 .text.PIT_CheckTick
                0x00000000       0x22 Src/Peripherals/pit/pit.o
 .text          0x00000000        0x0 Src/Peripherals/pmic/pmic.o
 .data          0x00000000        0x0 Src/Peripherals/pmic/pmic.o
 .bss           0x00000000        0x0 Src/Peripherals/pmic/pmic.o
 .debug_info    0x00000000       0x5d Src/Peripherals/pmic/pmic.o
 .debug_abbrev  0x00000000       0x26 Src/Peripherals/pmic/pmic.o
 .debug_aranges
                0x00000000       0x18 Src/Peripherals/pmic/pmic.o
 .debug_line    0x00000000       0x1a Src/Peripherals/pmic/pmic.o
 .debug_str     0x00000000      0x180 Src/Peripherals/pmic/pmic.o
 .comment       0x00000000       0x31 Src/Peripherals/pmic/pmic.o
 .text          0x00000000        0x0 Src/Peripherals/tc/tc.o
 .data          0x00000000        0x0 Src/Peripherals/tc/tc.o
 .bss           0x00000000        0x0 Src/Peripherals/tc/tc.o
 .debug_info    0x00000000       0x5d Src/Peripherals/tc/tc.o
 .debug_abbrev  0x00000000       0x26 Src/Peripherals/tc/tc.o
 .debug_aranges
                0x00000000       0x18 Src/Peripherals/tc/tc.o
 .debug_line    0x00000000       0x1a Src/Peripherals/tc/tc.o
 .debug_str     0x00000000      0x17c Src/Peripherals/tc/tc.o
 .comment       0x00000000       0x31 Src/Peripherals/tc/tc.o
 .text          0x00000000        0x0 Src/Peripherals/twi/twi.o
 .data          0x00000000        0x0 Src/Peripherals/twi/twi.o
 .bss           0x00000000        0x0 Src/Peripherals/twi/twi.o
 .text          0x00000000        0x0 Src/Peripherals/usart/usart.o
 .data          0x00000000        0x0 Src/Peripherals/usart/usart.o
 .bss           0x00000000        0x0 Src/Peripherals/usart/usart.o
 .text.USART_CfgUsartRxDPin
                0x00000000        0xc Src/Peripherals/usart/usart.o
 .text.USART_CfgUsartSCKPin
                0x00000000       0x16 Src/Peripherals/usart/usart.o
 .text.USART_CfgUsartParam
                0x00000000       0x80 Src/Peripherals/usart/usart.o
 .text.USART_SetBSelBScale
                0x00000000       0x22 Src/Peripherals/usart/usart.o
 .text.USART_WriteData9
                0x00000000       0x18 Src/Peripherals/usart/usart.o
 .text.USART_ReadData9
                0x00000000       0x18 Src/Peripherals/usart/usart.o
 .text.USART_WriteBuf
                0x00000000       0x20 Src/Peripherals/usart/usart.o
 .text.USART_WriteTxt
                0x00000000       0x1c Src/Peripherals/usart/usart.o
 .text.USART_SpiWriteBuf
                0x00000000       0x2e Src/Peripherals/usart/usart.o
 .text.USART_SpiReadBuf
                0x00000000       0x2e Src/Peripherals/usart/usart.o
 .text.USART_SpiTransmitBuf
                0x00000000       0x3c Src/Peripherals/usart/usart.o
 .text          0x00000000        0x0 c:/program files (x86)/atmel/studio/7.0/toolchain/avr8/avr8-gnu-toolchain/bin/../lib/gcc/avr/5.4.0/avrxmega6\libgcc.a(_divmodhi4.o)
 .data          0x00000000        0x0 c:/program files (x86)/atmel/studio/7.0/toolchain/avr8/avr8-gnu-toolchain/bin/../lib/gcc/avr/5.4.0/avrxmega6\libgcc.a(_divmodhi4.o)
 .bss           0x00000000        0x0 c:/program files (x86)/atmel/studio/7.0/toolchain/avr8/avr8-gnu-toolchain/bin/../lib/gcc/avr/5.4.0/avrxmega6\libgcc.a(_divmodhi4.o)
 .text.libgcc.mul
                0x00000000        0x0 c:/program files (x86)/atmel/studio/7.0/toolchain/avr8/avr8-gnu-toolchain/bin/../lib/gcc/avr/5.4.0/avrxmega6\libgcc.a(_divmodhi4.o)
 .text.libgcc   0x00000000        0x0 c:/program files (x86)/atmel/studio/7.0/toolchain/avr8/avr8-gnu-toolchain/bin/../lib/gcc/avr/5.4.0/avrxmega6\libgcc.a(_divmodhi4.o)
 .text.libgcc.prologue
                0x00000000        0x0 c:/program files (x86)/atmel/studio/7.0/toolchain/avr8/avr8-gnu-toolchain/bin/../lib/gcc/avr/5.4.0/avrxmega6\libgcc.a(_divmodhi4.o)
 .text.libgcc.builtins
                0x00000000        0x0 c:/program files (x86)/atmel/studio/7.0/toolchain/avr8/avr8-gnu-toolchain/bin/../lib/gcc/avr/5.4.0/avrxmega6\libgcc.a(_divmodhi4.o)
 .text.libgcc.fmul
                0x00000000        0x0 c:/program files (x86)/atmel/studio/7.0/toolchain/avr8/avr8-gnu-toolchain/bin/../lib/gcc/avr/5.4.0/avrxmega6\libgcc.a(_divmodhi4.o)
 .text.libgcc.fixed
                0x00000000        0x0 c:/program files (x86)/atmel/studio/7.0/toolchain/avr8/avr8-gnu-toolchain/bin/../lib/gcc/avr/5.4.0/avrxmega6\libgcc.a(_divmodhi4.o)
 .text          0x00000000        0x0 c:/program files (x86)/atmel/studio/7.0/toolchain/avr8/avr8-gnu-toolchain/bin/../lib/gcc/avr/5.4.0/avrxmega6\libgcc.a(_udivmodsi4.o)
 .data          0x00000000        0x0 c:/program files (x86)/atmel/studio/7.0/toolchain/avr8/avr8-gnu-toolchain/bin/../lib/gcc/avr/5.4.0/avrxmega6\libgcc.a(_udivmodsi4.o)
 .bss           0x00000000        0x0 c:/program files (x86)/atmel/studio/7.0/toolchain/avr8/avr8-gnu-toolchain/bin/../lib/gcc/avr/5.4.0/avrxmega6\libgcc.a(_udivmodsi4.o)
 .text.libgcc.mul
                0x00000000        0x0 c:/program files (x86)/atmel/studio/7.0/toolchain/avr8/avr8-gnu-toolchain/bin/../lib/gcc/avr/5.4.0/avrxmega6\libgcc.a(_udivmodsi4.o)
 .text.libgcc   0x00000000        0x0 c:/program files (x86)/atmel/studio/7.0/toolchain/avr8/avr8-gnu-toolchain/bin/../lib/gcc/avr/5.4.0/avrxmega6\libgcc.a(_udivmodsi4.o)
 .text.libgcc.prologue
                0x00000000        0x0 c:/program files (x86)/atmel/studio/7.0/toolchain/avr8/avr8-gnu-toolchain/bin/../lib/gcc/avr/5.4.0/avrxmega6\libgcc.a(_udivmodsi4.o)
 .text.libgcc.builtins
                0x00000000        0x0 c:/program files (x86)/atmel/studio/7.0/toolchain/avr8/avr8-gnu-toolchain/bin/../lib/gcc/avr/5.4.0/avrxmega6\libgcc.a(_udivmodsi4.o)
 .text.libgcc.fmul
                0x00000000        0x0 c:/program files (x86)/atmel/studio/7.0/toolchain/avr8/avr8-gnu-toolchain/bin/../lib/gcc/avr/5.4.0/avrxmega6\libgcc.a(_udivmodsi4.o)
 .text.libgcc.fixed
                0x00000000        0x0 c:/program files (x86)/atmel/studio/7.0/toolchain/avr8/avr8-gnu-toolchain/bin/../lib/gcc/avr/5.4.0/avrxmega6\libgcc.a(_udivmodsi4.o)
 .text          0x00000000        0x0 c:/program files (x86)/atmel/studio/7.0/toolchain/avr8/avr8-gnu-toolchain/bin/../lib/gcc/avr/5.4.0/avrxmega6\libgcc.a(_exit.o)
 .data          0x00000000        0x0 c:/program files (x86)/atmel/studio/7.0/toolchain/avr8/avr8-gnu-toolchain/bin/../lib/gcc/avr/5.4.0/avrxmega6\libgcc.a(_exit.o)
 .bss           0x00000000        0x0 c:/program files (x86)/atmel/studio/7.0/toolchain/avr8/avr8-gnu-toolchain/bin/../lib/gcc/avr/5.4.0/avrxmega6\libgcc.a(_exit.o)
 .text.libgcc.mul
                0x00000000        0x0 c:/program files (x86)/atmel/studio/7.0/toolchain/avr8/avr8-gnu-toolchain/bin/../lib/gcc/avr/5.4.0/avrxmega6\libgcc.a(_exit.o)
 .text.libgcc.div
                0x00000000        0x0 c:/program files (x86)/atmel/studio/7.0/toolchain/avr8/avr8-gnu-toolchain/bin/../lib/gcc/avr/5.4.0/avrxmega6\libgcc.a(_exit.o)
 .text.libgcc   0x00000000        0x0 c:/program files (x86)/atmel/studio/7.0/toolchain/avr8/avr8-gnu-toolchain/bin/../lib/gcc/avr/5.4.0/avrxmega6\libgcc.a(_exit.o)
 .text.libgcc.prologue
                0x00000000        0x0 c:/program files (x86)/atmel/studio/7.0/toolchain/avr8/avr8-gnu-toolchain/bin/../lib/gcc/avr/5.4.0/avrxmega6\libgcc.a(_exit.o)
 .text.libgcc.builtins
                0x00000000        0x0 c:/program files (x86)/atmel/studio/7.0/toolchain/avr8/avr8-gnu-toolchain/bin/../lib/gcc/avr/5.4.0/avrxmega6\libgcc.a(_exit.o)
 .text.libgcc.fmul
                0x00000000        0x0 c:/program files (x86)/atmel/studio/7.0/toolchain/avr8/avr8-gnu-toolchain/bin/../lib/gcc/avr/5.4.0/avrxmega6\libgcc.a(_exit.o)
 .text.libgcc.fixed
                0x00000000        0x0 c:/program files (x86)/atmel/studio/7.0/toolchain/avr8/avr8-gnu-toolchain/bin/../lib/gcc/avr/5.4.0/avrxmega6\libgcc.a(_exit.o)
 .text          0x00000000        0x0 c:/program files (x86)/atmel/studio/7.0/toolchain/avr8/avr8-gnu-toolchain/bin/../lib/gcc/avr/5.4.0/avrxmega6\libgcc.a(_copy_data.o)
 .data          0x00000000        0x0 c:/program files (x86)/atmel/studio/7.0/toolchain/avr8/avr8-gnu-toolchain/bin/../lib/gcc/avr/5.4.0/avrxmega6\libgcc.a(_copy_data.o)
 .bss           0x00000000        0x0 c:/program files (x86)/atmel/studio/7.0/toolchain/avr8/avr8-gnu-toolchain/bin/../lib/gcc/avr/5.4.0/avrxmega6\libgcc.a(_copy_data.o)
 .text.libgcc.mul
                0x00000000        0x0 c:/program files (x86)/atmel/studio/7.0/toolchain/avr8/avr8-gnu-toolchain/bin/../lib/gcc/avr/5.4.0/avrxmega6\libgcc.a(_copy_data.o)
 .text.libgcc.div
                0x00000000        0x0 c:/program files (x86)/atmel/studio/7.0/toolchain/avr8/avr8-gnu-toolchain/bin/../lib/gcc/avr/5.4.0/avrxmega6\libgcc.a(_copy_data.o)
 .text.libgcc   0x00000000        0x0 c:/program files (x86)/atmel/studio/7.0/toolchain/avr8/avr8-gnu-toolchain/bin/../lib/gcc/avr/5.4.0/avrxmega6\libgcc.a(_copy_data.o)
 .text.libgcc.prologue
                0x00000000        0x0 c:/program files (x86)/atmel/studio/7.0/toolchain/avr8/avr8-gnu-toolchain/bin/../lib/gcc/avr/5.4.0/avrxmega6\libgcc.a(_copy_data.o)
 .text.libgcc.builtins
                0x00000000        0x0 c:/program files (x86)/atmel/studio/7.0/toolchain/avr8/avr8-gnu-toolchain/bin/../lib/gcc/avr/5.4.0/avrxmega6\libgcc.a(_copy_data.o)
 .text.libgcc.fmul
                0x00000000        0x0 c:/program files (x86)/atmel/studio/7.0/toolchain/avr8/avr8-gnu-toolchain/bin/../lib/gcc/avr/5.4.0/avrxmega6\libgcc.a(_copy_data.o)
 .text.libgcc.fixed
                0x00000000        0x0 c:/program files (x86)/atmel/studio/7.0/toolchain/avr8/avr8-gnu-toolchain/bin/../lib/gcc/avr/5.4.0/avrxmega6\libgcc.a(_copy_data.o)
 .text          0x00000000        0x0 c:/program files (x86)/atmel/studio/7.0/toolchain/avr8/avr8-gnu-toolchain/bin/../lib/gcc/avr/5.4.0/avrxmega6\libgcc.a(_clear_bss.o)
 .data          0x00000000        0x0 c:/program files (x86)/atmel/studio/7.0/toolchain/avr8/avr8-gnu-toolchain/bin/../lib/gcc/avr/5.4.0/avrxmega6\libgcc.a(_clear_bss.o)
 .bss           0x00000000        0x0 c:/program files (x86)/atmel/studio/7.0/toolchain/avr8/avr8-gnu-toolchain/bin/../lib/gcc/avr/5.4.0/avrxmega6\libgcc.a(_clear_bss.o)
 .text.libgcc.mul
                0x00000000        0x0 c:/program files (x86)/atmel/studio/7.0/toolchain/avr8/avr8-gnu-toolchain/bin/../lib/gcc/avr/5.4.0/avrxmega6\libgcc.a(_clear_bss.o)
 .text.libgcc.div
                0x00000000        0x0 c:/program files (x86)/atmel/studio/7.0/toolchain/avr8/avr8-gnu-toolchain/bin/../lib/gcc/avr/5.4.0/avrxmega6\libgcc.a(_clear_bss.o)
 .text.libgcc   0x00000000        0x0 c:/program files (x86)/atmel/studio/7.0/toolchain/avr8/avr8-gnu-toolchain/bin/../lib/gcc/avr/5.4.0/avrxmega6\libgcc.a(_clear_bss.o)
 .text.libgcc.prologue
                0x00000000        0x0 c:/program files (x86)/atmel/studio/7.0/toolchain/avr8/avr8-gnu-toolchain/bin/../lib/gcc/avr/5.4.0/avrxmega6\libgcc.a(_clear_bss.o)
 .text.libgcc.builtins
                0x00000000        0x0 c:/program files (x86)/atmel/studio/7.0/toolchain/avr8/avr8-gnu-toolchain/bin/../lib/gcc/avr/5.4.0/avrxmega6\libgcc.a(_clear_bss.o)
 .text.libgcc.fmul
                0x00000000        0x0 c:/program files (x86)/atmel/studio/7.0/toolchain/avr8/avr8-gnu-toolchain/bin/../lib/gcc/avr/5.4.0/avrxmega6\libgcc.a(_clear_bss.o)
 .text.libgcc.fixed
                0x00000000        0x0 c:/program files (x86)/atmel/studio/7.0/toolchain/avr8/avr8-gnu-toolchain/bin/../lib/gcc/avr/5.4.0/avrxmega6\libgcc.a(_clear_bss.o)
 .text          0x00000000        0x0 c:/program files (x86)/atmel/studio/7.0/toolchain/avr8/avr8-gnu-toolchain/bin/../lib/gcc/avr/5.4.0/avrxmega6\libgcc.a(_udivmodhi4.o)
 .data          0x00000000        0x0 c:/program files (x86)/atmel/studio/7.0/toolchain/avr8/avr8-gnu-toolchain/bin/../lib/gcc/avr/5.4.0/avrxmega6\libgcc.a(_udivmodhi4.o)
 .bss           0x00000000        0x0 c:/program files (x86)/atmel/studio/7.0/toolchain/avr8/avr8-gnu-toolchain/bin/../lib/gcc/avr/5.4.0/avrxmega6\libgcc.a(_udivmodhi4.o)
 .text.libgcc.mul
                0x00000000        0x0 c:/program files (x86)/atmel/studio/7.0/toolchain/avr8/avr8-gnu-toolchain/bin/../lib/gcc/avr/5.4.0/avrxmega6\libgcc.a(_udivmodhi4.o)
 .text.libgcc   0x00000000        0x0 c:/program files (x86)/atmel/studio/7.0/toolchain/avr8/avr8-gnu-toolchain/bin/../lib/gcc/avr/5.4.0/avrxmega6\libgcc.a(_udivmodhi4.o)
 .text.libgcc.prologue
                0x00000000        0x0 c:/program files (x86)/atmel/studio/7.0/toolchain/avr8/avr8-gnu-toolchain/bin/../lib/gcc/avr/5.4.0/avrxmega6\libgcc.a(_udivmodhi4.o)
 .text.libgcc.builtins
                0x00000000        0x0 c:/program files (x86)/atmel/studio/7.0/toolchain/avr8/avr8-gnu-toolchain/bin/../lib/gcc/avr/5.4.0/avrxmega6\libgcc.a(_udivmodhi4.o)
 .text.libgcc.fmul
                0x00000000        0x0 c:/program files (x86)/atmel/studio/7.0/toolchain/avr8/avr8-gnu-toolchain/bin/../lib/gcc/avr/5.4.0/avrxmega6\libgcc.a(_udivmodhi4.o)
 .text.libgcc.fixed
                0x00000000        0x0 c:/program files (x86)/atmel/studio/7.0/toolchain/avr8/avr8-gnu-toolchain/bin/../lib/gcc/avr/5.4.0/avrxmega6\libgcc.a(_udivmodhi4.o)
 .text          0x00000000        0x0 c:/program files (x86)/atmel/studio/7.0/toolchain/avr8/avr8-gnu-toolchain/bin/../lib/gcc/avr/5.4.0/../../../../avr/lib/avrxmega6\libc.a(sprintf.o)
 .data          0x00000000        0x0 c:/program files (x86)/atmel/studio/7.0/toolchain/avr8/avr8-gnu-toolchain/bin/../lib/gcc/avr/5.4.0/../../../../avr/lib/avrxmega6\libc.a(sprintf.o)
 .bss           0x00000000        0x0 c:/program files (x86)/atmel/studio/7.0/toolchain/avr8/avr8-gnu-toolchain/bin/../lib/gcc/avr/5.4.0/../../../../avr/lib/avrxmega6\libc.a(sprintf.o)
 .text          0x00000000        0x0 c:/program files (x86)/atmel/studio/7.0/toolchain/avr8/avr8-gnu-toolchain/bin/../lib/gcc/avr/5.4.0/../../../../avr/lib/avrxmega6\libc.a(vfprintf_std.o)
 .data          0x00000000        0x0 c:/program files (x86)/atmel/studio/7.0/toolchain/avr8/avr8-gnu-toolchain/bin/../lib/gcc/avr/5.4.0/../../../../avr/lib/avrxmega6\libc.a(vfprintf_std.o)
 .bss           0x00000000        0x0 c:/program files (x86)/atmel/studio/7.0/toolchain/avr8/avr8-gnu-toolchain/bin/../lib/gcc/avr/5.4.0/../../../../avr/lib/avrxmega6\libc.a(vfprintf_std.o)
 .text          0x00000000        0x0 c:/program files (x86)/atmel/studio/7.0/toolchain/avr8/avr8-gnu-toolchain/bin/../lib/gcc/avr/5.4.0/../../../../avr/lib/avrxmega6\libc.a(strnlen_P.o)
 .data          0x00000000        0x0 c:/program files (x86)/atmel/studio/7.0/toolchain/avr8/avr8-gnu-toolchain/bin/../lib/gcc/avr/5.4.0/../../../../avr/lib/avrxmega6\libc.a(strnlen_P.o)
 .bss           0x00000000        0x0 c:/program files (x86)/atmel/studio/7.0/toolchain/avr8/avr8-gnu-toolchain/bin/../lib/gcc/avr/5.4.0/../../../../avr/lib/avrxmega6\libc.a(strnlen_P.o)
 .text          0x00000000        0x0 c:/program files (x86)/atmel/studio/7.0/toolchain/avr8/avr8-gnu-toolchain/bin/../lib/gcc/avr/5.4.0/../../../../avr/lib/avrxmega6\libc.a(strnlen.o)
 .data          0x00000000        0x0 c:/program files (x86)/atmel/studio/7.0/toolchain/avr8/avr8-gnu-toolchain/bin/../lib/gcc/avr/5.4.0/../../../../avr/lib/avrxmega6\libc.a(strnlen.o)
 .bss           0x00000000        0x0 c:/program files (x86)/atmel/studio/7.0/toolchain/avr8/avr8-gnu-toolchain/bin/../lib/gcc/avr/5.4.0/../../../../avr/lib/avrxmega6\libc.a(strnlen.o)
 .text          0x00000000        0x0 c:/program files (x86)/atmel/studio/7.0/toolchain/avr8/avr8-gnu-toolchain/bin/../lib/gcc/avr/5.4.0/../../../../avr/lib/avrxmega6\libc.a(fputc.o)
 .data          0x00000000        0x0 c:/program files (x86)/atmel/studio/7.0/toolchain/avr8/avr8-gnu-toolchain/bin/../lib/gcc/avr/5.4.0/../../../../avr/lib/avrxmega6\libc.a(fputc.o)
 .bss           0x00000000        0x0 c:/program files (x86)/atmel/studio/7.0/toolchain/avr8/avr8-gnu-toolchain/bin/../lib/gcc/avr/5.4.0/../../../../avr/lib/avrxmega6\libc.a(fputc.o)
 .text          0x00000000        0x0 c:/program files (x86)/atmel/studio/7.0/toolchain/avr8/avr8-gnu-toolchain/bin/../lib/gcc/avr/5.4.0/../../../../avr/lib/avrxmega6\libc.a(ultoa_invert.o)
 .data          0x00000000        0x0 c:/program files (x86)/atmel/studio/7.0/toolchain/avr8/avr8-gnu-toolchain/bin/../lib/gcc/avr/5.4.0/../../../../avr/lib/avrxmega6\libc.a(ultoa_invert.o)
 .bss           0x00000000        0x0 c:/program files (x86)/atmel/studio/7.0/toolchain/avr8/avr8-gnu-toolchain/bin/../lib/gcc/avr/5.4.0/../../../../avr/lib/avrxmega6\libc.a(ultoa_invert.o)

Memory Configuration

Name             Origin             Length             Attributes
text             0x00000000         0x00100000         xr
data             0x00802000         0x0000ffa0         rw !x
eeprom           0x00810000         0x00010000         rw !x
fuse             0x00820000         0x00000006         rw !x
lock             0x00830000         0x00000400         rw !x
signature        0x00840000         0x00000400         rw !x
user_signatures  0x00850000         0x00000400         rw !x
*default*        0x00000000         0xffffffff

Linker script and memory map

LOAD C:/Program Files (x86)/Atmel/Studio/7.0/Packs/atmel/XMEGAA_DFP/1.1.68/gcc/dev/atxmega256a3bu/avrxmega6/crtatxmega256a3bu.o
LOAD Src/Board/a3bu_xplained.o
LOAD Src/Drv/KAmodCOMBO/KAmodCOMBO.o
LOAD Src/Drv/KAmodCOMBO/KAmodCOMBO_xmega.o
LOAD Src/Drv/LCD_hd44780/lcd_hd44780_xmega.o
LOAD Src/Drv/LCD_st7565r/lcd_st7565r.o
LOAD Src/Drv/LCD_st7565r/lcd_st7565r_drv.o
LOAD Src/I2C-01.o
LOAD Src/Peripherals/ac/ac.o
LOAD Src/Peripherals/adc/adc.o
LOAD Src/Peripherals/dac/dac.o
LOAD Src/Peripherals/evsys/evsys.o
LOAD Src/Peripherals/gpio/gpio.o
LOAD Src/Peripherals/osc/osc.o
LOAD Src/Peripherals/pit/pit.o
LOAD Src/Peripherals/pmic/pmic.o
LOAD Src/Peripherals/tc/tc.o
LOAD Src/Peripherals/twi/twi.o
LOAD Src/Peripherals/usart/usart.o
START GROUP
LOAD c:/program files (x86)/atmel/studio/7.0/toolchain/avr8/avr8-gnu-toolchain/bin/../lib/gcc/avr/5.4.0/../../../../avr/lib/avrxmega6\libm.a
END GROUP
START GROUP
LOAD c:/program files (x86)/atmel/studio/7.0/toolchain/avr8/avr8-gnu-toolchain/bin/../lib/gcc/avr/5.4.0/avrxmega6\libgcc.a
LOAD c:/program files (x86)/atmel/studio/7.0/toolchain/avr8/avr8-gnu-toolchain/bin/../lib/gcc/avr/5.4.0/../../../../avr/lib/avrxmega6\libm.a
LOAD c:/program files (x86)/atmel/studio/7.0/toolchain/avr8/avr8-gnu-toolchain/bin/../lib/gcc/avr/5.4.0/../../../../avr/lib/avrxmega6\libc.a
LOAD C:/Program Files (x86)/Atmel/Studio/7.0/Packs/atmel/XMEGAA_DFP/1.1.68/gcc/dev/atxmega256a3bu/avrxmega6\libatxmega256a3bu.a
END GROUP
                0x00100000                __TEXT_REGION_LENGTH__ = DEFINED (__TEXT_REGION_LENGTH__)?__TEXT_REGION_LENGTH__:0x100000
                0x0000ffa0                __DATA_REGION_LENGTH__ = DEFINED (__DATA_REGION_LENGTH__)?__DATA_REGION_LENGTH__:0xffa0
                0x00010000                __EEPROM_REGION_LENGTH__ = DEFINED (__EEPROM_REGION_LENGTH__)?__EEPROM_REGION_LENGTH__:0x10000
                [0x00000006]                __FUSE_REGION_LENGTH__ = DEFINED (__FUSE_REGION_LENGTH__)?__FUSE_REGION_LENGTH__:0x400
                0x00000400                __LOCK_REGION_LENGTH__ = DEFINED (__LOCK_REGION_LENGTH__)?__LOCK_REGION_LENGTH__:0x400
                0x00000400                __SIGNATURE_REGION_LENGTH__ = DEFINED (__SIGNATURE_REGION_LENGTH__)?__SIGNATURE_REGION_LENGTH__:0x400
                0x00000400                __USER_SIGNATURE_REGION_LENGTH__ = DEFINED (__USER_SIGNATURE_REGION_LENGTH__)?__USER_SIGNATURE_REGION_LENGTH__:0x400

.hash
 *(.hash)

.dynsym
 *(.dynsym)

.dynstr
 *(.dynstr)

.gnu.version
 *(.gnu.version)

.gnu.version_d
 *(.gnu.version_d)

.gnu.version_r
 *(.gnu.version_r)

.rel.init
 *(.rel.init)

.rela.init
 *(.rela.init)

.rel.text
 *(.rel.text)
 *(.rel.text.*)
 *(.rel.gnu.linkonce.t*)

.rela.text
 *(.rela.text)
 *(.rela.text.*)
 *(.rela.gnu.linkonce.t*)

.rel.fini
 *(.rel.fini)

.rela.fini
 *(.rela.fini)

.rel.rodata
 *(.rel.rodata)
 *(.rel.rodata.*)
 *(.rel.gnu.linkonce.r*)

.rela.rodata
 *(.rela.rodata)
 *(.rela.rodata.*)
 *(.rela.gnu.linkonce.r*)

.rel.data
 *(.rel.data)
 *(.rel.data.*)
 *(.rel.gnu.linkonce.d*)

.rela.data
 *(.rela.data)
 *(.rela.data.*)
 *(.rela.gnu.linkonce.d*)

.rel.ctors
 *(.rel.ctors)

.rela.ctors
 *(.rela.ctors)

.rel.dtors
 *(.rel.dtors)

.rela.dtors
 *(.rela.dtors)

.rel.got
 *(.rel.got)

.rela.got
 *(.rela.got)

.rel.bss
 *(.rel.bss)

.rela.bss
 *(.rela.bss)

.rel.plt
 *(.rel.plt)

.rela.plt
 *(.rela.plt)

.text           0x00000000     0x26d4
 *(.vectors)
 .vectors       0x00000000      0x1fc C:/Program Files (x86)/Atmel/Studio/7.0/Packs/atmel/XMEGAA_DFP/1.1.68/gcc/dev/atxmega256a3bu/avrxmega6/crtatxmega256a3bu.o
                0x00000000                __vector_default
                0x00000000                __vectors
 *(.vectors)
 *(.progmem.gcc*)
                0x000001fc                . = ALIGN (0x2)
                0x000001fc                __trampolines_start = .
 *(.trampolines)
 .trampolines   0x000001fc        0x0 linker stubs
 *(.trampolines*)
                0x000001fc                __trampolines_end = .
 *libprintf_flt.a:*(.progmem.data)
 *libc.a:*(.progmem.data)
 *(.progmem*)
                0x000001fc                . = ALIGN (0x2)
 *(.jumptables)
 *(.jumptables*)
 *(.lowtext)
 *(.lowtext*)
                0x000001fc                __ctors_start = .
 *(.ctors)
                0x000001fc                __ctors_end = .
                0x000001fc                __dtors_start = .
 *(.dtors)
                0x000001fc                __dtors_end = .
 SORT(*)(.ctors)
 SORT(*)(.dtors)
 *(.init0)
 .init0         0x000001fc        0x0 C:/Program Files (x86)/Atmel/Studio/7.0/Packs/atmel/XMEGAA_DFP/1.1.68/gcc/dev/atxmega256a3bu/avrxmega6/crtatxmega256a3bu.o
                0x000001fc                __init
 *(.init0)
 *(.init1)
 *(.init1)
 *(.init2)
 .init2         0x000001fc       0x10 C:/Program Files (x86)/Atmel/Studio/7.0/Packs/atmel/XMEGAA_DFP/1.1.68/gcc/dev/atxmega256a3bu/avrxmega6/crtatxmega256a3bu.o
 *(.init2)
 *(.init3)
 *(.init3)
 *(.init4)
 .init4         0x0000020c       0x1a c:/program files (x86)/atmel/studio/7.0/toolchain/avr8/avr8-gnu-toolchain/bin/../lib/gcc/avr/5.4.0/avrxmega6\libgcc.a(_copy_data.o)
                0x0000020c                __do_copy_data
 .init4         0x00000226       0x10 c:/program files (x86)/atmel/studio/7.0/toolchain/avr8/avr8-gnu-toolchain/bin/../lib/gcc/avr/5.4.0/avrxmega6\libgcc.a(_clear_bss.o)
                0x00000226                __do_clear_bss
 *(.init4)
 *(.init5)
 *(.init5)
 *(.init6)
 *(.init6)
 *(.init7)
 *(.init7)
 *(.init8)
 *(.init8)
 *(.init9)
 .init9         0x00000236        0x8 C:/Program Files (x86)/Atmel/Studio/7.0/Packs/atmel/XMEGAA_DFP/1.1.68/gcc/dev/atxmega256a3bu/avrxmega6/crtatxmega256a3bu.o
 *(.init9)
 *(.text)
 .text          0x0000023e        0x4 C:/Program Files (x86)/Atmel/Studio/7.0/Packs/atmel/XMEGAA_DFP/1.1.68/gcc/dev/atxmega256a3bu/avrxmega6/crtatxmega256a3bu.o
                0x0000023e                __vector_38
                0x0000023e                __vector_104
                0x0000023e                __vector_22
                0x0000023e                __vector_63
                0x0000023e                __vector_28
                0x0000023e                __vector_67
                0x0000023e                __vector_1
                0x0000023e                __vector_119
                0x0000023e                __vector_32
                0x0000023e                __vector_75
                0x0000023e                __vector_71
                0x0000023e                __vector_91
                0x0000023e                __vector_34
                0x0000023e                __vector_62
                0x0000023e                __vector_77
                0x0000023e                __vector_102
                0x0000023e                __vector_24
                0x0000023e                __vector_12
                0x0000023e                __vector_55
                0x0000023e                __vector_69
                0x0000023e                __vector_81
                0x0000023e                __vector_90
                0x0000023e                __vector_46
                0x0000023e                __bad_interrupt
                0x0000023e                __vector_122
                0x0000023e                __vector_72
                0x0000023e                __vector_114
                0x0000023e                __vector_6
                0x0000023e                __vector_110
                0x0000023e                __vector_31
                0x0000023e                __vector_92
                0x0000023e                __vector_35
                0x0000023e                __vector_78
                0x0000023e                __vector_74
                0x0000023e                __vector_117
                0x0000023e                __vector_39
                0x0000023e                __vector_107
                0x0000023e                __vector_3
                0x0000023e                __vector_105
                0x0000023e                __vector_98
                0x0000023e                __vector_23
                0x0000023e                __vector_68
                0x0000023e                __vector_30
                0x0000023e                __vector_73
                0x0000023e                __vector_45
                0x0000023e                __vector_25
                0x0000023e                __vector_93
                0x0000023e                __vector_61
                0x0000023e                __vector_11
                0x0000023e                __vector_54
                0x0000023e                __vector_99
                0x0000023e                __vector_13
                0x0000023e                __vector_17
                0x0000023e                __vector_19
                0x0000023e                __vector_56
                0x0000023e                __vector_7
                0x0000023e                __vector_125
                0x0000023e                __vector_49
                0x0000023e                __vector_123
                0x0000023e                __vector_41
                0x0000023e                __vector_86
                0x0000023e                __vector_100
                0x0000023e                __vector_101
                0x0000023e                __vector_64
                0x0000023e                __vector_88
                0x0000023e                __vector_109
                0x0000023e                __vector_43
                0x0000023e                __vector_27
                0x0000023e                __vector_5
                0x0000023e                __vector_113
                0x0000023e                __vector_33
                0x0000023e                __vector_76
                0x0000023e                __vector_115
                0x0000023e                __vector_47
                0x0000023e                __vector_52
                0x0000023e                __vector_37
                0x0000023e                __vector_95
                0x0000023e                __vector_103
                0x0000023e                __vector_96
                0x0000023e                __vector_89
                0x0000023e                __vector_4
                0x0000023e                __vector_44
                0x0000023e                __vector_82
                0x0000023e                __vector_106
                0x0000023e                __vector_118
                0x0000023e                __vector_51
                0x0000023e                __vector_9
                0x0000023e                __vector_2
                0x0000023e                __vector_21
                0x0000023e                __vector_15
                0x0000023e                __vector_66
                0x0000023e                __vector_36
                0x0000023e                __vector_79
                0x0000023e                __vector_58
                0x0000023e                __vector_70
                0x0000023e                __vector_83
                0x0000023e                __vector_29
                0x0000023e                __vector_60
                0x0000023e                __vector_121
                0x0000023e                __vector_40
                0x0000023e                __vector_85
                0x0000023e                __vector_94
                0x0000023e                __vector_126
                0x0000023e                __vector_8
                0x0000023e                __vector_26
                0x0000023e                __vector_48
                0x0000023e                __vector_124
                0x0000023e                __vector_116
                0x0000023e                __vector_112
                0x0000023e                __vector_111
                0x0000023e                __vector_80
                0x0000023e                __vector_14
                0x0000023e                __vector_84
                0x0000023e                __vector_57
                0x0000023e                __vector_53
                0x0000023e                __vector_10
                0x0000023e                __vector_50
                0x0000023e                __vector_16
                0x0000023e                __vector_59
                0x0000023e                __vector_18
                0x0000023e                __vector_97
                0x0000023e                __vector_20
                0x0000023e                __vector_42
                0x0000023e                __vector_87
                0x0000023e                __vector_65
                0x0000023e                __vector_120
                0x00000242                . = ALIGN (0x2)
 *(.text.*)
 .text.STLED316_DisplayOn
                0x00000242       0x20 Src/Drv/KAmodCOMBO/KAmodCOMBO.o
                0x00000242                STLED316_DisplayOn
 .text.STLED316_SetBrghtCtrlModeAndDigitCnt
                0x00000262       0x3e Src/Drv/KAmodCOMBO/KAmodCOMBO.o
                0x00000262                STLED316_SetBrghtCtrlModeAndDigitCnt
 .text.STLED316_7Seg_Write
                0x000002a0       0x24 Src/Drv/KAmodCOMBO/KAmodCOMBO.o
                0x000002a0                STLED316_7Seg_Write
 .text.STLED316_7Seg_WriteTxt
                0x000002c4       0x8c Src/Drv/KAmodCOMBO/KAmodCOMBO.o
                0x000002c4                STLED316_7Seg_WriteTxt
 .text.STLED316_Buts_Read
                0x00000350       0x28 Src/Drv/KAmodCOMBO/KAmodCOMBO.o
                0x00000350                STLED316_Buts_Read
 .text.STLED316_LEDs_SetBrght
                0x00000378       0x3c Src/Drv/KAmodCOMBO/KAmodCOMBO.o
                0x00000378                STLED316_LEDs_SetBrght
 .text.STLED316_7Seg_SetBrght
                0x000003b4       0x38 Src/Drv/KAmodCOMBO/KAmodCOMBO.o
                0x000003b4                STLED316_7Seg_SetBrght
 .text.STLED316_Initialize
                0x000003ec       0x2a Src/Drv/KAmodCOMBO/KAmodCOMBO_xmega.o
                0x000003ec                STLED316_Initialize
 .text.STLED316_Write
                0x00000416       0x70 Src/Drv/KAmodCOMBO/KAmodCOMBO_xmega.o
                0x00000416                STLED316_Write
 .text.STLED316_Read
                0x00000486       0xb2 Src/Drv/KAmodCOMBO/KAmodCOMBO_xmega.o
                0x00000486                STLED316_Read
 .text.lcd_st7565r_InitInterface
                0x00000538       0x96 Src/Drv/LCD_st7565r/lcd_st7565r.o
                0x00000538                lcd_st7565r_InitInterface
 .text.lcd_st7565r_ClrScr
                0x000005ce       0x2a Src/Drv/LCD_st7565r/lcd_st7565r.o
                0x000005ce                lcd_st7565r_ClrScr
 .text.lcd_st7565r_InitText
                0x000005f8       0x16 Src/Drv/LCD_st7565r/lcd_st7565r.o
                0x000005f8                lcd_st7565r_InitText
 .text.lcd_st7565r_InitCtrl
                0x0000060e        0xa Src/Drv/LCD_st7565r/lcd_st7565r.o
                0x0000060e                lcd_st7565r_InitCtrl
 .text.lcd_st7565r_SelectFont
                0x00000618       0x40 Src/Drv/LCD_st7565r/lcd_st7565r.o
                0x00000618                lcd_st7565r_SelectFont
 .text.lcd_st7565r_GotoTextXY
                0x00000658       0x12 Src/Drv/LCD_st7565r/lcd_st7565r.o
                0x00000658                lcd_st7565r_GotoTextXY
 .text.lcd_st7565r_DrawChar
                0x0000066a      0x246 Src/Drv/LCD_st7565r/lcd_st7565r.o
                0x0000066a                lcd_st7565r_DrawChar
 .text.lcd_st7565r_DrawText
                0x000008b0       0x74 Src/Drv/LCD_st7565r/lcd_st7565r.o
                0x000008b0                lcd_st7565r_DrawText
 .text.st7565r_set_contrast
                0x00000924       0x80 Src/Drv/LCD_st7565r/lcd_st7565r_drv.o
                0x00000924                st7565r_set_contrast
 .text.st7565r_init
                0x000009a4      0x24c Src/Drv/LCD_st7565r/lcd_st7565r_drv.o
                0x000009a4                st7565r_init
 .text.st7565r_put_framebuffer
                0x00000bf0      0x150 Src/Drv/LCD_st7565r/lcd_st7565r_drv.o
                0x00000bf0                st7565r_put_framebuffer
 .text.st7565r_read_column
                0x00000d40       0x6e Src/Drv/LCD_st7565r/lcd_st7565r_drv.o
                0x00000d40                st7565r_read_column
 .text.st7565r_write_column
                0x00000dae       0x34 Src/Drv/LCD_st7565r/lcd_st7565r_drv.o
                0x00000dae                st7565r_write_column
 .text.termostat.5239
                0x00000de2       0x5c Src/I2C-01.o
 .text.error.5242
                0x00000e3e       0xa0 Src/I2C-01.o
 .text.main     0x00000ede      0xb6a Src/I2C-01.o
                0x00000ede                main
 .text.GPIO_CfgPins
                0x00001a48       0x28 Src/Peripherals/gpio/gpio.o
                0x00001a48                GPIO_CfgPins
 .text.CLK_SysClkSel
                0x00001a70        0xc Src/Peripherals/osc/osc.o
                0x00001a70                CLK_SysClkSel
 .text.CLK_PerClkCfg
                0x00001a7c       0x10 Src/Peripherals/osc/osc.o
                0x00001a7c                CLK_PerClkCfg
 .text.DFLL_RC32M_RefClkSel
                0x00001a8c        0xe Src/Peripherals/osc/osc.o
                0x00001a8c                DFLL_RC32M_RefClkSel
 .text.OSC_TOSC32K_Start
                0x00001a9a       0x32 Src/Peripherals/osc/osc.o
                0x00001a9a                OSC_TOSC32K_Start
 .text.DFLL_Cfg
                0x00001acc        0x8 Src/Peripherals/osc/osc.o
                0x00001acc                DFLL_Cfg
 .text.PIT_Cfg  0x00001ad4       0x38 Src/Peripherals/pit/pit.o
                0x00001ad4                PIT_Cfg
 .text.PIT_Start
                0x00001b0c        0xa Src/Peripherals/pit/pit.o
                0x00001b0c                PIT_Start
 .text.PIT_Wait
                0x00001b16       0x14 Src/Peripherals/pit/pit.o
                0x00001b16                PIT_Wait
 .text.__vector_108
                0x00001b2a       0x3c Src/Peripherals/pit/pit.o
                0x00001b2a                __vector_108
 .text.TWI_CfgPins
                0x00001b66       0x1c Src/Peripherals/twi/twi.o
                0x00001b66                TWI_CfgPins
 .text.TWI_SetBaudRate
                0x00001b82       0x38 Src/Peripherals/twi/twi.o
                0x00001b82                TWI_SetBaudRate
 .text.TWIM_WriteBuf
                0x00001bba       0x5e Src/Peripherals/twi/twi.o
                0x00001bba                TWIM_WriteBuf
 .text.TWIM_ReadBuf
                0x00001c18       0xf6 Src/Peripherals/twi/twi.o
                0x00001c18                TWIM_ReadBuf
 .text.USART_SelectMode
                0x00001d0e        0xa Src/Peripherals/usart/usart.o
                0x00001d0e                USART_SelectMode
 .text.USART_CfgUsartTxDPin
                0x00001d18        0xe Src/Peripherals/usart/usart.o
                0x00001d18                USART_CfgUsartTxDPin
 .text.USART_SetAsyncBaudRate
                0x00001d26      0x250 Src/Peripherals/usart/usart.o
                0x00001d26                USART_SetAsyncBaudRate
 .text.USART_SetSyncBaudRate
                0x00001f76       0x6c Src/Peripherals/usart/usart.o
                0x00001f76                USART_SetSyncBaudRate
 .text.USART_SetBaudRate
                0x00001fe2       0x5e Src/Peripherals/usart/usart.o
                0x00001fe2                USART_SetBaudRate
 .text.USART_CfgSpiSCKPin
                0x00002040       0x1a Src/Peripherals/usart/usart.o
                0x00002040                USART_CfgSpiSCKPin
 .text.USART_CfgSpiSSPin
                0x0000205a        0xe Src/Peripherals/usart/usart.o
                0x0000205a                USART_CfgSpiSSPin
 .text.USART_CfgSpiParam
                0x00002068       0x1a Src/Peripherals/usart/usart.o
                0x00002068                USART_CfgSpiParam
 .text.libgcc.div
                0x00002082       0x28 c:/program files (x86)/atmel/studio/7.0/toolchain/avr8/avr8-gnu-toolchain/bin/../lib/gcc/avr/5.4.0/avrxmega6\libgcc.a(_divmodhi4.o)
                0x00002082                _div
                0x00002082                __divmodhi4
 .text.libgcc.div
                0x000020aa       0x44 c:/program files (x86)/atmel/studio/7.0/toolchain/avr8/avr8-gnu-toolchain/bin/../lib/gcc/avr/5.4.0/avrxmega6\libgcc.a(_udivmodsi4.o)
                0x000020aa                __udivmodsi4
 .text.libgcc.div
                0x000020ee       0x28 c:/program files (x86)/atmel/studio/7.0/toolchain/avr8/avr8-gnu-toolchain/bin/../lib/gcc/avr/5.4.0/avrxmega6\libgcc.a(_udivmodhi4.o)
                0x000020ee                __udivmodhi4
 .text.avr-libc
                0x00002116       0x52 c:/program files (x86)/atmel/studio/7.0/toolchain/avr8/avr8-gnu-toolchain/bin/../lib/gcc/avr/5.4.0/../../../../avr/lib/avrxmega6\libc.a(sprintf.o)
                0x00002116                sprintf
 .text.avr-libc
                0x00002168      0x408 c:/program files (x86)/atmel/studio/7.0/toolchain/avr8/avr8-gnu-toolchain/bin/../lib/gcc/avr/5.4.0/../../../../avr/lib/avrxmega6\libc.a(vfprintf_std.o)
                0x00002168                vfprintf
 .text.avr-libc
                0x00002570       0x16 c:/program files (x86)/atmel/studio/7.0/toolchain/avr8/avr8-gnu-toolchain/bin/../lib/gcc/avr/5.4.0/../../../../avr/lib/avrxmega6\libc.a(strnlen_P.o)
                0x00002570                strnlen_P
 .text.avr-libc
                0x00002586       0x16 c:/program files (x86)/atmel/studio/7.0/toolchain/avr8/avr8-gnu-toolchain/bin/../lib/gcc/avr/5.4.0/../../../../avr/lib/avrxmega6\libc.a(strnlen.o)
                0x00002586                strnlen
 .text.avr-libc
                0x0000259c       0x78 c:/program files (x86)/atmel/studio/7.0/toolchain/avr8/avr8-gnu-toolchain/bin/../lib/gcc/avr/5.4.0/../../../../avr/lib/avrxmega6\libc.a(fputc.o)
                0x0000259c                fputc
 .text.avr-libc
                0x00002614       0xbc c:/program files (x86)/atmel/studio/7.0/toolchain/avr8/avr8-gnu-toolchain/bin/../lib/gcc/avr/5.4.0/../../../../avr/lib/avrxmega6\libc.a(ultoa_invert.o)
                0x00002614                __ultoa_invert
                0x000026d0                . = ALIGN (0x2)
 *(.fini9)
 .fini9         0x000026d0        0x0 c:/program files (x86)/atmel/studio/7.0/toolchain/avr8/avr8-gnu-toolchain/bin/../lib/gcc/avr/5.4.0/avrxmega6\libgcc.a(_exit.o)
                0x000026d0                _exit
                0x000026d0                exit
 *(.fini9)
 *(.fini8)
 *(.fini8)
 *(.fini7)
 *(.fini7)
 *(.fini6)
 *(.fini6)
 *(.fini5)
 *(.fini5)
 *(.fini4)
 *(.fini4)
 *(.fini3)
 *(.fini3)
 *(.fini2)
 *(.fini2)
 *(.fini1)
 *(.fini1)
 *(.fini0)
 .fini0         0x000026d0        0x4 c:/program files (x86)/atmel/studio/7.0/toolchain/avr8/avr8-gnu-toolchain/bin/../lib/gcc/avr/5.4.0/avrxmega6\libgcc.a(_exit.o)
 *(.fini0)
                0x000026d4                _etext = .

.data           0x00802000      0xf6a load address 0x000026d4
                0x00802000                PROVIDE (__data_start, .)
 *(.data)
 *(.data*)
 .data.STLED316_7Seg_SegMap
                0x00802000       0x13 Src/Drv/KAmodCOMBO/KAmodCOMBO.o
                0x00802000                STLED316_7Seg_SegMap
 .data.lcd_st7565r_font_10_15
                0x00802013        0x6 Src/Drv/LCD_st7565r/lcd_st7565r.o
                0x00802013                lcd_st7565r_font_10_15
 .data.lcd_st7565r_font_10_15_matrix
                0x00802019      0x76c Src/Drv/LCD_st7565r/lcd_st7565r.o
                0x00802019                lcd_st7565r_font_10_15_matrix
 .data.lcd_st7565r_font_6_10
                0x00802785        0x6 Src/Drv/LCD_st7565r/lcd_st7565r.o
                0x00802785                lcd_st7565r_font_6_10
 .data.lcd_st7565r_font_6_10_matrix
                0x0080278b      0x474 Src/Drv/LCD_st7565r/lcd_st7565r.o
                0x0080278b                lcd_st7565r_font_6_10_matrix
 .data.lcd_st7565r_font_6_7
                0x00802bff        0x6 Src/Drv/LCD_st7565r/lcd_st7565r.o
                0x00802bff                lcd_st7565r_font_6_7
 .data.lcd_st7565r_font_6_7_matrix
                0x00802c05      0x23a Src/Drv/LCD_st7565r/lcd_st7565r.o
                0x00802c05                lcd_st7565r_font_6_7_matrix
 *(.gnu.linkonce.d*)
 *(.rodata)
 *(.rodata*)
 .rodata.str1.1
                0x00802e3f      0x12a Src/I2C-01.o
                                0x148 (size before relaxing)
 *(.gnu.linkonce.r*)
                0x00802f6a                . = ALIGN (0x2)
 *fill*         0x00802f69        0x1 
                0x00802f6a                _edata = .
                0x00802f6a                PROVIDE (__data_end, .)

.bss            0x00802f6a      0x208
                0x00802f6a                PROVIDE (__bss_start, .)
 *(.bss)
 *(.bss*)
 *(COMMON)
 COMMON         0x00802f6a        0x4 Src/Drv/LCD_st7565r/lcd_st7565r.o
                0x00802f6a                lcd_st7565r_curFont
                0x00802f6c                lcd_st7565r_text_y
                0x00802f6d                lcd_st7565r_text_x
 COMMON         0x00802f6e      0x200 Src/Drv/LCD_st7565r/lcd_st7565r_drv.o
                0x00802f6e                st7565r_FrameBuffer
 COMMON         0x0080316e        0x4 Src/Peripherals/pit/pit.o
                0x0080316e                pit_Tick
                0x0080316f                pit_IntCnt
                0x00803170                pit_IntCntMax
                0x00803171                pit_ClkSel
                0x00803172                PROVIDE (__bss_end, .)
                0x000026d4                __data_load_start = LOADADDR (.data)
                0x0000363e                __data_load_end = (__data_load_start + SIZEOF (.data))

.noinit         0x00803172        0x0
                [!provide]                PROVIDE (__noinit_start, .)
 *(.noinit*)
                [!provide]                PROVIDE (__noinit_end, .)
                0x00803172                _end = .
                [!provide]                PROVIDE (__heap_start, .)

.eeprom         0x00810000        0x0
 *(.eeprom*)
                0x00810000                __eeprom_end = .

.fuse
 *(.fuse)
 *(.lfuse)
 *(.hfuse)
 *(.efuse)

.lock
 *(.lock*)

.signature
 *(.signature*)

.user_signatures
 *(.user_signatures*)

.stab
 *(.stab)

.stabstr
 *(.stabstr)

.stab.excl
 *(.stab.excl)

.stab.exclstr
 *(.stab.exclstr)

.stab.index
 *(.stab.index)

.stab.indexstr
 *(.stab.indexstr)

.comment        0x00000000       0x5c
 *(.comment)
 .comment       0x00000000       0x30 Src/Drv/KAmodCOMBO/KAmodCOMBO.o
                                 0x31 (size before relaxing)
 .comment       0x00000030       0x31 Src/Drv/KAmodCOMBO/KAmodCOMBO_xmega.o
 .comment       0x00000030       0x31 Src/Drv/LCD_st7565r/lcd_st7565r.o
 .comment       0x00000030       0x31 Src/Drv/LCD_st7565r/lcd_st7565r_drv.o
 .comment       0x00000030       0x31 Src/I2C-01.o
 .comment       0x00000030       0x31 Src/Peripherals/gpio/gpio.o
 .comment       0x00000030       0x31 Src/Peripherals/osc/osc.o
 .comment       0x00000030       0x31 Src/Peripherals/pit/pit.o
 .comment       0x00000030       0x31 Src/Peripherals/twi/twi.o
 .comment       0x00000030       0x31 Src/Peripherals/usart/usart.o
 .comment       0x00000030       0x31 c:/program files (x86)/atmel/studio/7.0/toolchain/avr8/avr8-gnu-toolchain/bin/../lib/gcc/avr/5.4.0/../../../../avr/lib/avrxmega6\libc.a(sprintf.o)
 .comment       0x00000030       0x2c c:/program files (x86)/atmel/studio/7.0/toolchain/avr8/avr8-gnu-toolchain/bin/../lib/gcc/avr/5.4.0/../../../../avr/lib/avrxmega6\libc.a(vfprintf_std.o)
                                 0x2d (size before relaxing)
 .comment       0x0000005c       0x31 c:/program files (x86)/atmel/studio/7.0/toolchain/avr8/avr8-gnu-toolchain/bin/../lib/gcc/avr/5.4.0/../../../../avr/lib/avrxmega6\libc.a(fputc.o)

.note.gnu.avr.deviceinfo
                0x00000000       0x44
 .note.gnu.avr.deviceinfo
                0x00000000       0x44 C:/Program Files (x86)/Atmel/Studio/7.0/Packs/atmel/XMEGAA_DFP/1.1.68/gcc/dev/atxmega256a3bu/avrxmega6/crtatxmega256a3bu.o

.note.gnu.build-id
 *(.note.gnu.build-id)

.debug
 *(.debug)

.line
 *(.line)

.debug_srcinfo
 *(.debug_srcinfo)

.debug_sfnames
 *(.debug_sfnames)

.debug_aranges  0x00000000      0x380
 *(.debug_aranges)
 .debug_aranges
                0x00000000       0x90 Src/Drv/KAmodCOMBO/KAmodCOMBO.o
 .debug_aranges
                0x00000090       0x38 Src/Drv/KAmodCOMBO/KAmodCOMBO_xmega.o
 .debug_aranges
                0x000000c8       0x90 Src/Drv/LCD_st7565r/lcd_st7565r.o
 .debug_aranges
                0x00000158       0x48 Src/Drv/LCD_st7565r/lcd_st7565r_drv.o
 .debug_aranges
                0x000001a0       0x38 Src/I2C-01.o
 .debug_aranges
                0x000001d8       0x20 Src/Peripherals/gpio/gpio.o
 .debug_aranges
                0x000001f8       0x50 Src/Peripherals/osc/osc.o
 .debug_aranges
                0x00000248       0x50 Src/Peripherals/pit/pit.o
 .debug_aranges
                0x00000298       0x38 Src/Peripherals/twi/twi.o
 .debug_aranges
                0x000002d0       0xb0 Src/Peripherals/usart/usart.o

.debug_pubnames
 *(.debug_pubnames)

.debug_info     0x00000000     0xc164
 *(.debug_info .gnu.linkonce.wi.*)
 .debug_info    0x00000000     0x3379 C:/Program Files (x86)/Atmel/Studio/7.0/Packs/atmel/XMEGAA_DFP/1.1.68/gcc/dev/atxmega256a3bu/avrxmega6/crtatxmega256a3bu.o
 .debug_info    0x00003379      0x693 Src/Drv/KAmodCOMBO/KAmodCOMBO.o
 .debug_info    0x00003a0c      0x804 Src/Drv/KAmodCOMBO/KAmodCOMBO_xmega.o
 .debug_info    0x00004210     0x2069 Src/Drv/LCD_st7565r/lcd_st7565r.o
 .debug_info    0x00006279     0x1c1b Src/Drv/LCD_st7565r/lcd_st7565r_drv.o
 .debug_info    0x00007e94     0x1911 Src/I2C-01.o
 .debug_info    0x000097a5      0x302 Src/Peripherals/gpio/gpio.o
 .debug_info    0x00009aa7      0x479 Src/Peripherals/osc/osc.o
 .debug_info    0x00009f20      0x9cd Src/Peripherals/pit/pit.o
 .debug_info    0x0000a8ed      0x9e8 Src/Peripherals/twi/twi.o
 .debug_info    0x0000b2d5      0xe8f Src/Peripherals/usart/usart.o

.debug_abbrev   0x00000000     0x4435
 *(.debug_abbrev)
 .debug_abbrev  0x00000000     0x30c4 C:/Program Files (x86)/Atmel/Studio/7.0/Packs/atmel/XMEGAA_DFP/1.1.68/gcc/dev/atxmega256a3bu/avrxmega6/crtatxmega256a3bu.o
 .debug_abbrev  0x000030c4      0x15d Src/Drv/KAmodCOMBO/KAmodCOMBO.o
 .debug_abbrev  0x00003221      0x198 Src/Drv/KAmodCOMBO/KAmodCOMBO_xmega.o
 .debug_abbrev  0x000033b9      0x39e Src/Drv/LCD_st7565r/lcd_st7565r.o
 .debug_abbrev  0x00003757      0x2a7 Src/Drv/LCD_st7565r/lcd_st7565r_drv.o
 .debug_abbrev  0x000039fe      0x280 Src/I2C-01.o
 .debug_abbrev  0x00003c7e       0xbb Src/Peripherals/gpio/gpio.o
 .debug_abbrev  0x00003d39      0x13b Src/Peripherals/osc/osc.o
 .debug_abbrev  0x00003e74      0x16d Src/Peripherals/pit/pit.o
 .debug_abbrev  0x00003fe1      0x1cf Src/Peripherals/twi/twi.o
 .debug_abbrev  0x000041b0      0x285 Src/Peripherals/usart/usart.o

.debug_line     0x00000000     0x3855
 *(.debug_line .debug_line.* .debug_line_end)
 .debug_line    0x00000000      0x39d C:/Program Files (x86)/Atmel/Studio/7.0/Packs/atmel/XMEGAA_DFP/1.1.68/gcc/dev/atxmega256a3bu/avrxmega6/crtatxmega256a3bu.o
 .debug_line    0x0000039d      0x3bc Src/Drv/KAmodCOMBO/KAmodCOMBO.o
 .debug_line    0x00000759      0x3fe Src/Drv/KAmodCOMBO/KAmodCOMBO_xmega.o
 .debug_line    0x00000b57      0xb61 Src/Drv/LCD_st7565r/lcd_st7565r.o
 .debug_line    0x000016b8      0x813 Src/Drv/LCD_st7565r/lcd_st7565r_drv.o
 .debug_line    0x00001ecb      0x9b4 Src/I2C-01.o
 .debug_line    0x0000287f      0x146 Src/Peripherals/gpio/gpio.o
 .debug_line    0x000029c5      0x25e Src/Peripherals/osc/osc.o
 .debug_line    0x00002c23      0x23b Src/Peripherals/pit/pit.o
 .debug_line    0x00002e5e      0x3a0 Src/Peripherals/twi/twi.o
 .debug_line    0x000031fe      0x657 Src/Peripherals/usart/usart.o

.debug_frame    0x00000000      0xa14
 *(.debug_frame)
 .debug_frame   0x00000000      0x200 Src/Drv/KAmodCOMBO/KAmodCOMBO.o
 .debug_frame   0x00000200       0x60 Src/Drv/KAmodCOMBO/KAmodCOMBO_xmega.o
 .debug_frame   0x00000260      0x294 Src/Drv/LCD_st7565r/lcd_st7565r.o
 .debug_frame   0x000004f4       0xec Src/Drv/LCD_st7565r/lcd_st7565r_drv.o
 .debug_frame   0x000005e0       0x7c Src/I2C-01.o
 .debug_frame   0x0000065c       0x30 Src/Peripherals/gpio/gpio.o
 .debug_frame   0x0000068c       0x84 Src/Peripherals/osc/osc.o
 .debug_frame   0x00000710       0xa8 Src/Peripherals/pit/pit.o
 .debug_frame   0x000007b8       0x84 Src/Peripherals/twi/twi.o
 .debug_frame   0x0000083c      0x1d8 Src/Peripherals/usart/usart.o

.debug_str      0x00000000     0x4299
 *(.debug_str)
 .debug_str     0x00000000     0x21e4 C:/Program Files (x86)/Atmel/Studio/7.0/Packs/atmel/XMEGAA_DFP/1.1.68/gcc/dev/atxmega256a3bu/avrxmega6/crtatxmega256a3bu.o
 .debug_str     0x000021e4      0x363 Src/Drv/KAmodCOMBO/KAmodCOMBO.o
                                0x3aa (size before relaxing)
 .debug_str     0x00002547      0x4af Src/Drv/KAmodCOMBO/KAmodCOMBO_xmega.o
                                0x648 (size before relaxing)
 .debug_str     0x000029f6      0x6c5 Src/Drv/LCD_st7565r/lcd_st7565r.o
                                0x9d4 (size before relaxing)
 .debug_str     0x000030bb       0xcc Src/Drv/LCD_st7565r/lcd_st7565r_drv.o
                                0x5c2 (size before relaxing)
 .debug_str     0x00003187      0x72d Src/I2C-01.o
                                0xc9b (size before relaxing)
 .debug_str     0x000038b4       0x4b Src/Peripherals/gpio/gpio.o
                                0x304 (size before relaxing)
 .debug_str     0x000038ff       0xfc Src/Peripherals/osc/osc.o
                                0x3ab (size before relaxing)
 .debug_str     0x000039fb      0x488 Src/Peripherals/pit/pit.o
                                0x85b (size before relaxing)
 .debug_str     0x00003e83      0x19c Src/Peripherals/twi/twi.o
                                0x622 (size before relaxing)
 .debug_str     0x0000401f      0x27a Src/Peripherals/usart/usart.o
                                0x835 (size before relaxing)

.debug_loc      0x00000000     0x6498
 *(.debug_loc)
 .debug_loc     0x00000000      0x91c Src/Drv/KAmodCOMBO/KAmodCOMBO.o
 .debug_loc     0x0000091c      0x5be Src/Drv/KAmodCOMBO/KAmodCOMBO_xmega.o
 .debug_loc     0x00000eda     0x1e98 Src/Drv/LCD_st7565r/lcd_st7565r.o
 .debug_loc     0x00002d72     0x13df Src/Drv/LCD_st7565r/lcd_st7565r_drv.o
 .debug_loc     0x00004151      0x928 Src/I2C-01.o
 .debug_loc     0x00004a79       0x92 Src/Peripherals/gpio/gpio.o
 .debug_loc     0x00004b0b      0x14b Src/Peripherals/osc/osc.o
 .debug_loc     0x00004c56       0xda Src/Peripherals/pit/pit.o
 .debug_loc     0x00004d30      0x68f Src/Peripherals/twi/twi.o
 .debug_loc     0x000053bf     0x10d9 Src/Peripherals/usart/usart.o

.debug_macinfo
 *(.debug_macinfo)

.debug_weaknames
 *(.debug_weaknames)

.debug_funcnames
 *(.debug_funcnames)

.debug_typenames
 *(.debug_typenames)

.debug_varnames
 *(.debug_varnames)

.debug_pubtypes
 *(.debug_pubtypes)

.debug_ranges   0x00000000      0x500
 *(.debug_ranges)
 .debug_ranges  0x00000000       0x80 Src/Drv/KAmodCOMBO/KAmodCOMBO.o
 .debug_ranges  0x00000080       0x28 Src/Drv/KAmodCOMBO/KAmodCOMBO_xmega.o
 .debug_ranges  0x000000a8      0x1a8 Src/Drv/LCD_st7565r/lcd_st7565r.o
 .debug_ranges  0x00000250       0xe8 Src/Drv/LCD_st7565r/lcd_st7565r_drv.o
 .debug_ranges  0x00000338       0x58 Src/I2C-01.o
 .debug_ranges  0x00000390       0x10 Src/Peripherals/gpio/gpio.o
 .debug_ranges  0x000003a0       0x40 Src/Peripherals/osc/osc.o
 .debug_ranges  0x000003e0       0x40 Src/Peripherals/pit/pit.o
 .debug_ranges  0x00000420       0x40 Src/Peripherals/twi/twi.o
 .debug_ranges  0x00000460       0xa0 Src/Peripherals/usart/usart.o

.debug_macro
 *(.debug_macro)
OUTPUT(I2Cv1.elf elf32-avr)
LOAD linker stubs
